
*******************************************************************************
*STRESS
11 22 33 23 13 12      ** stress/strain component order 
Step-1     +7.958477     +3.633218     +6.228374 +2.466738e-32          -1.5            +1 
Step-2     +5.449827     +10.64014     +7.525951            -2 +9.774673e-17 +9.120889e-18 
Step-3     +5.190312     +4.181084     +13.11995 +2.484767e-16 +9.774673e-17 +9.120889e-18 
Step-4     -4.152249     -3.344867     -10.49596            +7 +9.774673e-17 +9.120889e-18 
Step-5     -3.114187     -2.508651     -7.871972          +1.5          +5.5 +1.586234e-16 
Step-6     +1.816609     +3.546713     +2.508651          -1.5            -2            +5 
