
*******************************************************************************
*STRESS
11 22 33 23 13 12      ** stress/strain component order 
Step-1     +7.958477     +4.282002      +5.57959     +1.123733     -1.158495    +0.9084931 
Step-2     +5.673848     +12.46762     +6.445202    +0.5786315 +3.452444e-17 +4.703328e-17 
Step-3     +4.649658     +4.306516     +11.19234     +1.633158 +3.452444e-17 +4.703328e-17 
Step-4     -1.097684    +0.7220848     -4.381032     +6.044682 +3.452444e-17 +4.703328e-17 
Step-5     -2.227929     -1.690917     -5.735512     +0.595364      +5.04167    +0.7938544 
Step-6     +1.579135     +3.659767     +1.604015    -0.6822667    -0.7508059     +5.336321 
