
*******************************************************************************
*STRESS
11 22 33 23 13 12      ** stress/strain component order 
Step-1            +5  -4.46986e-09 +9.062264e-09 -5.840593e-09 -2.056319e-09 -1.210499e-08 
Step-2     +4.326923     +10.09615     +4.326923     -1.282051 +9.279245e-17 +2.078847e-17 
Step-3     +2.403846     +2.403846     +5.608974 +5.110179e-16 +5.692672e-17 +2.078847e-17 
Step-4     -1.923077     -1.923077     -4.487179     +4.487179 +5.692672e-17 +2.078847e-17 
Step-5     -1.442308     -1.442308     -3.365385    +0.9615385     +3.525641 +1.645409e-16 
Step-6     +1.442308     +3.365385     +1.442308    -0.9615385     -1.282051     +4.807692 
