
*******************************************************************************
*STRESS
11 22 33 23 13 12      ** stress/strain component order 
Step-1     +7.040007      +2.21274     +2.744218  -0.008475206   -0.02251827    -0.6462837 
Step-2      +2.21274     +6.001245     +2.439341   -0.04295485   -0.03719591    -0.5708775 
Step-3     +2.744218     +2.439341     +8.734425  -0.009402469   -0.05695568    -0.3520331 
Step-4   -0.01695041   -0.08590971   -0.01880494     +4.607194    -0.4284984   -0.05817834 
Step-5   -0.04503653   -0.07439182    -0.1139114    -0.4284984     +5.030876   +0.00408815 
Step-6     -1.292567     -1.141755    -0.7040661   -0.05817834   +0.00408815     +4.383316 
