
*******************************************************************************
*STRESS
11 22 33 23 13 12      ** stress/strain component order 
Step-1     +10.71252     +3.889877     +9.001532  +0.005159493   -0.04107418    -0.8746115 
Step-2     +3.889877     +7.531403      +5.68295   -0.05620904     -0.065041     -0.705045 
Step-3     +9.001532      +5.68295     +22.78882  -0.006814982    -0.1164804    -0.8737759 
Step-4   +0.01031899    -0.1124181   -0.01362997     +6.997809    -0.5418683   -0.07266175 
Step-5   -0.08214836     -0.130082    -0.2329608    -0.5418683     +7.583148  -0.001323278 
Step-6     -1.749223      -1.41009     -1.747552   -0.07266175  -0.001323278     +5.129284 
